// Jest Snapshot v1, https://goo.gl/fbAQLP

exports[`renders correctly 1`] = `
<View
  style={
    [
      {
        "overflow": "hidden",
      },
      [
        {
          "borderRadius": undefined,
          "height": undefined,
          "marginVertical": undefined,
          "width": undefined,
        },
        undefined,
      ],
    ]
  }
>
  <FastImageView
    defaultSource={null}
    resizeMode="cover"
    style={
      {
        "bottom": 0,
        "left": 0,
        "position": "absolute",
        "right": 0,
        "top": 0,
      }
    }
  />
</View>
`;

exports[`renders placeholder correctly 1`] = `
<View
  style={
    [
      {
        "overflow": "hidden",
      },
      [
        {
          "borderRadius": undefined,
          "height": undefined,
          "marginVertical": undefined,
          "width": undefined,
        },
        undefined,
      ],
    ]
  }
>
  <FastImageView
    defaultSource={null}
    resizeMode="cover"
    style={
      {
        "bottom": 0,
        "left": 0,
        "position": "absolute",
        "right": 0,
        "top": 0,
      }
    }
  />
</View>
`;
