// Jest Snapshot v1, https://goo.gl/fbAQLP

exports[`renders  correctly 1`] = `
<Icon
  color="#000000"
  name="heart-outline"
  size={20}
/>
`;

exports[`renders correctly 1`] = `
<Icon
  color="#000000"
  name="heart-outline"
  size={20}
/>
`;
